Password: yddchsc5



c2691>enable

c2691>enable
Password: yddchsc5


Password: enable password error:
Password: yddchsc5



c2691>enable

c2691>enable
Password: yddchsc5


Password: enable password error:
Password: yddchsc5



c2691>enable

c2691>enable
Password: yddchsc5


c2691#terminal length 0

c2691#termshow run
inal length 0
c2691#show run
Building configuration...

Current configuration : 906 bytes
!
version 12.4
service timestamps debug datetime msec
service timestamps log datetime msec
no service password-encryption
!
hostname c2691
!
boot-start-marker
boot-end-marker
!
enable password yddchsc5
!
no aaa new-model
memory-size iomem 5
no ip icmp rate-limit unreachable
ip cef
ip tcp synwait-time 5
!
!
!
!
no ip domain lookup
ip domain name route.ssh.com
!
multilink bundle-name authenticated
!
!
!
!
!
username yddchsc password 0 yddchsc5
!
! 
!
!
!
!
interface FastEthernet0/0
 ip address 10.1.1.5 255.255.255.0
 duplex auto
 speed auto
!
interface FastEthernet0/1
 no ip address
 shutdown
 duplex auto
 speed auto
!
!
!
no ip http server
no ip http secure-server
!
no cdp log mismatch duplex
!
!
!
!
!
control-plane
!
!
!
line con 0
 exec-timeout 0 0
 privilege level 15
 logging synchronous
line aux 0
 exec-timeout 0 0
 privilege level 15
 logging synchronous
line vty 0 4
 login local
!
!
end

c2691#Password: yddchsc5



c2691>enable

c2691>enable
Password: yddchsc5


c2691#terminal length 0

c2691#termshow run
inal length 0
c2691#show run
Building configuration...

Current configuration : 906 bytes
!
version 12.4
service timestamps debug datetime msec
service timestamps log datetime msec
no service password-encryption
!
hostname c2691
!
boot-start-marker
boot-end-marker
!
enable password yddchsc5
!
no aaa new-model
memory-size iomem 5
no ip icmp rate-limit unreachable
ip cef
ip tcp synwait-time 5
!
!
!
!
no ip domain lookup
ip domain name route.ssh.com
!
multilink bundle-name authenticated
!
!
!
!
!
username yddchsc password 0 yddchsc5
!
! 
!
!
!
!
interface FastEthernet0/0
 ip address 10.1.1.5 255.255.255.0
 duplex auto
 speed auto
!
interface FastEthernet0/1
 no ip address
 shutdown
 duplex auto
 speed auto
!
!
!
no ip http server
no ip http secure-server
!
no cdp log mismatch duplex
!
!
!
!
!
control-plane
!
!
!
line con 0
 exec-timeout 0 0
 privilege level 15
 logging synchronous
line aux 0
 exec-timeout 0 0
 privilege level 15
 logging synchronous
line vty 0 4
 login local
!
!
end

c2691#Password: yddchsc5



c2691>enable

c2691>enable
Password: yddchsc5


c2691#terminal length 0

c2691#termshow run
inal length 0
c2691#show run
Building configuration...

Current configuration : 906 bytes
!
version 12.4
service timestamps debug datetime msec
service timestamps log datetime msec
no service password-encryption
!
hostname c2691
!
boot-start-marker
boot-end-marker
!
enable password yddchsc5
!
no aaa new-model
memory-size iomem 5
no ip icmp rate-limit unreachable
ip cef
ip tcp synwait-time 5
!
!
!
!
no ip domain lookup
ip domain name route.ssh.com
!
multilink bundle-name authenticated
!
!
!
!
!
username yddchsc password 0 yddchsc5
!
! 
!
!
!
!
interface FastEthernet0/0
 ip address 10.1.1.5 255.255.255.0
 duplex auto
 speed auto
!
interface FastEthernet0/1
 no ip address
 shutdown
 duplex auto
 speed auto
!
!
!
no ip http server
no ip http secure-server
!
no cdp log mismatch duplex
!
!
!
!
!
control-plane
!
!
!
line con 0
 exec-timeout 0 0
 privilege level 15
 logging synchronous
line aux 0
 exec-timeout 0 0
 privilege level 15
 logging synchronous
line vty 0 4
 login local
!
!
end

c2691#Password: yddchsc5



c2691>enable

c2691>enable
Password: yddchsc5


c2691#terminal length 0

c2691#termishow run
nal length 0
c2691#show run
Building configuration...

Current configuration : 906 bytes
!
version 12.4
service timestamps debug datetime msec
service timestamps log datetime msec
no service password-encryption
!
hostname c2691
!
boot-start-marker
boot-end-marker
!
enable password yddchsc5
!
no aaa new-model
memory-size iomem 5
no ip icmp rate-limit unreachable
ip cef
ip tcp synwait-time 5
!
!
!
!
no ip domain lookup
ip domain name route.ssh.com
!
multilink bundle-name authenticated
!
!
!
!
!
username yddchsc password 0 yddchsc5
!
! 
!
!
!
!
interface FastEthernet0/0
 ip address 10.1.1.5 255.255.255.0
 duplex auto
 speed auto
!
interface FastEthernet0/1
 no ip address
 shutdown
 duplex auto
 speed auto
!
!
!
no ip http server
no ip http secure-server
!
no cdp log mismatch duplex
!
!
!
!
!
control-plane
!
!
!
line con 0
 exec-timeout 0 0
 privilege level 15
 logging synchronous
line aux 0
 exec-timeout 0 0
 privilege level 15
 logging synchronous
line vty 0 4
 login local
!
!
end

c2691#Password: yddchsc5



c2691>enable

c2691>enable
Password: yddchsc5


c2691#terminal length 0

c2691#termshow run
inal length 0
c2691#show run
Building configuration...

Current configuration : 906 bytes
!
version 12.4
service timestamps debug datetime msec
service timestamps log datetime msec
no service password-encryption
!
hostname c2691
!
boot-start-marker
boot-end-marker
!
enable password yddchsc5
!
no aaa new-model
memory-size iomem 5
no ip icmp rate-limit unreachable
ip cef
ip tcp synwait-time 5
!
!
!
!
no ip domain lookup
ip domain name route.ssh.com
!
multilink bundle-name authenticated
!
!
!
!
!
username yddchsc password 0 yddchsc5
!
! 
!
!
!
!
interface FastEthernet0/0
 ip address 10.1.1.5 255.255.255.0
 duplex auto
 speed auto
!
interface FastEthernet0/1
 no ip address
 shutdown
 duplex auto
 speed auto
!
!
!
no ip http server
no ip http secure-server
!
no cdp log mismatch duplex
!
!
!
!
!
control-plane
!
!
!
line con 0
 exec-timeout 0 0
 privilege level 15
 logging synchronous
line aux 0
 exec-timeout 0 0
 privilege level 15
 logging synchronous
line vty 0 4
 login local
!
!
end

c2691#